[INFO ] 2025-07-07 07:16:32,841 [main | c.o.g.Config] Using 'jar:file:/opt/graphdb/dist/lib/graphdb-application-common-11.0.1.jar!/com/ontotext/graphdb/default-logback.xml' as logback's configuration file
[INFO ] 2025-07-07 07:16:33,553 [main | c.o.g.s.GraphDB] Starting GraphDB in workbench mode.
[INFO ] 2025-07-07 07:16:48,337 [main | c.o.g.Config] GraphDB Home directory: /opt/graphdb/home
[INFO ] 2025-07-07 07:16:48,338 [main | c.o.g.Config] GraphDB Config directory: /opt/graphdb/home/conf
[INFO ] 2025-07-07 07:16:48,338 [main | c.o.g.Config] GraphDB Data directory: /opt/graphdb/home/data
[INFO ] 2025-07-07 07:16:48,339 [main | c.o.g.Config] GraphDB Work directory: /opt/graphdb/home/work
[INFO ] 2025-07-07 07:16:48,339 [main | c.o.g.Config] GraphDB Logs directory: /opt/graphdb/home/logs
[ERROR] 2025-07-07 07:16:48,792 [main | c.o.l.LicenseRegistry] License could not be loaded: No license was set
[ERROR] 2025-07-07 07:16:48,793 [main | c.o.l.LicenseRegistry] License can be set in one of the following ways (in order of preference):
- System or config property 'graphdb.license.file'
- File 'graphdb.license' in config directory (/opt/graphdb/home/conf)
- Set through Workbench
Please refer to the documentation for more information on how to set the license.
[INFO ] 2025-07-07 07:16:49,722 [main | c.o.f.c.s.r.GraphDBRpcServer] Started gRPC server on port 7300 successfully
[INFO ] 2025-07-07 07:16:51,558 [main | c.o.g.GraphDBRepositoryManager] Version: 11.0, revision: -1359880663
[INFO ] 2025-07-07 07:16:51,558 [main | c.o.g.GraphDBRepositoryManager] Build date: Wed Apr 30 14:22:46 UTC 2025
[INFO ] 2025-07-07 07:16:51,605 [main | c.o.f.g.GraphQLService] GraphQL server initialized
[INFO ] 2025-07-07 07:16:53,325 [main | c.o.g.s.GraphDB] Started GraphDB in workbench mode at port 7200.
[ERROR] 2025-07-07 07:19:21,496 [http-nio-7200-exec-1 | c.o.l.LicenseRegistry] License could not be loaded: No license was set
[ERROR] 2025-07-07 07:19:21,497 [http-nio-7200-exec-1 | c.o.l.LicenseRegistry] License can be set in one of the following ways (in order of preference):
- System or config property 'graphdb.license.file'
- File 'graphdb.license' in config directory (/opt/graphdb/home/conf)
- Set through Workbench
Please refer to the documentation for more information on how to set the license.
[ERROR] 2025-07-07 07:21:45,169 [http-nio-7200-exec-9 | c.o.l.LicenseRegistry] License could not be loaded: No license was set
[ERROR] 2025-07-07 07:21:45,169 [http-nio-7200-exec-9 | c.o.l.LicenseRegistry] License can be set in one of the following ways (in order of preference):
- System or config property 'graphdb.license.file'
- File 'graphdb.license' in config directory (/opt/graphdb/home/conf)
- Set through Workbench
Please refer to the documentation for more information on how to set the license.
